// Jest Snapshot v1, https://goo.gl/fbAQLP

exports[`Main Component should render correctly 1`] = `
.c0 {
  background-color: #06092b;
  color: #fff;
  width: 100%;
  height: 100%;
  text-align: center;
  padding: 3rem;
  display: flex;
  align-items: center;
  justify-content: center;
  flex-direction: column;
}

.c1 {
  width: 25rem;
  margin-bottom: 2rem;
}

.c2 {
  font-size: 2.5rem;
}

.c3 {
  font-size: 2rem;
  font-weight: 400;
}

.c4 {
  margin-top: 3rem;
  width: min(30rem,100%);
}

<main
  class="c0"
>
  <img
    alt="Imagem de um átomo e React Avançado escrito ao lado"
    class="c1"
    src="/img/logo.svg"
  />
  <h1
    class="c2"
  >
    React Avançado
  </h1>
  <h2
    class="c3"
  >
    TypeScript, ReactJs, NextJs e Styled Components
  </h2>
  <img
    alt="Desenvolvedor de frente para a tela com código"
    class="c4"
    src="/img/hero-illustration.svg"
  />
</main>
`;
